Module
------
	aliases: Map<String, Set<Platform>> - Defines the names for the custom code sharing groups
	apply: List<Path>
	module: Meta
	product: ModuleProduct - Defines what should be produced out of the Module
	dependencies[@modifier]: List<Dependency> - The list of modules and libraries necessary to build the Module
	repositories: List<Repository> - The list of repositories used to look up and download the Module dependencies
	settings[@modifier]: Settings - Configures the toolchains used in the build process
	test-dependencies[@modifier]: List<Dependency> - The dependencies necessary to build and run tests of the Module
	test-settings[@modifier]: Settings - Controls building and running the Module tests

Meta: Meta settings for current module
--------------------------------------
	layout: AmperLayout, default: AMPER

ModuleProduct
-------------
	platforms: List<Platform>
	type: ProductType

CatalogDependency
-----------------
	catalogKey: String
	exported: Boolean, default: false
	scope: DependencyScope, default: ALL

ExternalMavenDependency
-----------------------
	coordinates: String
	exported: Boolean, default: false
	scope: DependencyScope, default: ALL

InternalDependency
------------------
	path: Path
	exported: Boolean, default: false
	scope: DependencyScope, default: ALL

Repository
----------
	credentials: Credentials
	id: String
	publish: Boolean, default: false
	url: String

Credentials
-----------
	file: Path
	passwordKey: String
	usernameKey: String

Settings
--------
	android: AndroidSettings
	compose: ComposeSettings
	ios: IosSettings
	java: JavaSettings
	junit: String
	jvm: JvmSettings
	kotlin: KotlinSettings
	kover: KoverSettings
	native: NativeSettings
	publishing: PublishingSettings

AndroidSettings
---------------
	applicationId: String
	compileSdk: String
	maxSdk: String
	minSdk: String
	namespace: String
	targetSdk: String

ComposeSettings
---------------
	enabled: Boolean

IosSettings
-----------
	framework: IosFrameworkSettings
	teamId: String

IosFrameworkSettings
--------------------
	basename: String
	isStatic: Boolean, default: false

JavaSettings
------------
	source: String

JvmSettings
-----------
	mainClass: String
	target: String, default: 17

KotlinSettings
--------------
	allWarningsAsErrors: Boolean, default: false
	apiVersion: String
	debug: Boolean, default: false
	freeCompilerArgs: List<String>
	languageFeatures: List<String>
	languageVersion: String, default: 1.9
	linkerOpts: List<String>
	optIns: List<String>
	progressiveMode: Boolean, default: false
	serialization: SerializationSettings
	suppressWarnings: Boolean, default: false
	verbose: Boolean, default: false

SerializationSettings
---------------------
	engine: String, default: json

KoverSettings
-------------
	enabled: Boolean, default: false
	html: KoverHtmlSettings
	xml: KoverXmlSettings

KoverHtmlSettings
-----------------
	charset: String
	onCheck: Boolean
	reportDir: Path
	title: String

KoverXmlSettings
----------------
	onCheck: Boolean
	reportFile: Path

NativeSettings
--------------
	entryPoint: String

PublishingSettings
------------------
	group: String
	version: String

